Component: ARM Compiler 5.06 update 6 (build 750) Tool: armlink [4d35ed]

==============================================================================

Section Cross References

    systick.o(.text) refers to uidiv.o(.text) for __aeabi_uidivmod
    systick.o(.text) refers to system_n32g032.o(.data) for SystemCoreClock
    systick.o(.text) refers to systick.o(.data) for delay
    system_n32g032.o(.text) refers to uidiv.o(.text) for __aeabi_uidivmod
    system_n32g032.o(.text) refers to system_n32g032.o(.data) for SystemCoreClock
    system_n32g032.o(.text) refers to system_n32g032.o(.constdata) for AHBPrescTable
    startup_n32g032.o(RESET) refers to startup_n32g032.o(STACK) for __initial_sp
    startup_n32g032.o(RESET) refers to startup_n32g032.o(.text) for Reset_Handler
    startup_n32g032.o(RESET) refers to n32g032_it.o(.text) for NMI_Handler
    startup_n32g032.o(RESET) refers to port.o(.text) for SVC_Handler
    startup_n32g032.o(RESET) refers to port.o(.emb_text) for PendSV_Handler
    startup_n32g032.o(.text) refers to system_n32g032.o(.text) for SystemInit
    startup_n32g032.o(.text) refers to entry.o(.ARM.Collect$$$$00000000) for __main
    usart.o(.text) refers to n32g032_rcc.o(.text) for RCC_EnableAPB2PeriphClk
    usart.o(.text) refers to n32g032_gpio.o(.text) for GPIO_InitStruct
    usart.o(.text) refers to n32g032_usart.o(.text) for USART_SendData
    usart.o(.text) refers to printf3.o(i.__0printf$3) for __2printf
    usart.o(.text) refers to usart.o(.conststring) for .conststring
    key.o(.text) refers to n32g032_rcc.o(.text) for RCC_EnableAPB2PeriphClk
    key.o(.text) refers to n32g032_gpio.o(.text) for GPIO_InitStruct
    led.o(.text) refers to n32g032_rcc.o(.text) for RCC_EnableAPB2PeriphClk
    led.o(.text) refers to n32g032_gpio.o(.text) for GPIO_InitStruct
    n32g032_gpio.o(.text) refers to n32g032_rcc.o(.text) for RCC_EnableAPB2PeriphReset
    n32g032_i2c.o(.text) refers to n32g032_rcc.o(.text) for RCC_EnableAPB1PeriphReset
    n32g032_i2c.o(.text) refers to uidiv.o(.text) for __aeabi_uidivmod
    n32g032_i2c.o(.text) refers to idiv.o(.text) for __aeabi_idivmod
    n32g032_rcc.o(.text) refers to uidiv.o(.text) for __aeabi_uidivmod
    n32g032_rcc.o(.text) refers to n32g032_rcc.o(.constdata) for s_ApbAhbPresTable
    n32g032_usart.o(.text) refers to n32g032_rcc.o(.text) for RCC_EnableAPB2PeriphReset
    n32g032_usart.o(.text) refers to uidiv.o(.text) for __aeabi_uidivmod
    main.o(.text) refers to misc.o(.text) for NVIC_PriorityGroupConfig
    main.o(.text) refers to led.o(.text) for LED_init
    main.o(.text) refers to key.o(.text) for key_init
    main.o(.text) refers to usart.o(.text) for usart_init
    main.o(.text) refers to tasks.o(.text) for vTaskDelay
    main.o(.text) refers to printf3.o(i.__0printf$3) for __2printf
    main.o(.text) refers to port.o(.text) for vPortEnterCritical
    main.o(.text) refers to main.o(.bss) for Idle_Task_TCB
    main.o(.text) refers to main.o(.data) for LED1_Task_Handle
    n32g032_it.o(.text) refers to port.o(.text) for xPortSysTickHandler
    heap_4.o(.text) refers to tasks.o(.text) for vTaskSuspendAll
    heap_4.o(.text) refers to printf3.o(i.__0printf$3) for __2printf
    heap_4.o(.text) refers to heap_4.o(.data) for xStart
    heap_4.o(.text) refers to heap_4.o(.bss) for ucHeap
    port.o(.emb_text) refers to tasks.o(.data) for pxCurrentTCB
    port.o(.emb_text) refers to tasks.o(.text) for vTaskSwitchContext
    port.o(.text) refers to printf3.o(i.__0printf$3) for __2printf
    port.o(.text) refers to uidiv.o(.text) for __aeabi_uidivmod
    port.o(.text) refers to port.o(.emb_text) for __asm___6_port_c_39a90d8d__prvPortStartFirstTask
    port.o(.text) refers to tasks.o(.text) for xTaskIncrementTick
    port.o(.text) refers to port.o(.data) for uxCriticalNesting
    port.o(.text) refers to system_n32g032.o(.data) for SystemCoreClock
    event_groups.o(.text) refers to printf3.o(i.__0printf$3) for __2printf
    event_groups.o(.text) refers to list.o(.text) for vListInitialise
    event_groups.o(.text) refers to heap_4.o(.text) for pvPortMalloc
    event_groups.o(.text) refers to tasks.o(.text) for vTaskSuspendAll
    event_groups.o(.text) refers to port.o(.text) for vPortYield
    event_groups.o(.text) refers to port.o(.emb_text) for ulSetInterruptMaskFromISR
    queue.o(.text) refers to printf3.o(i.__0printf$3) for __2printf
    queue.o(.text) refers to port.o(.text) for vPortEnterCritical
    queue.o(.text) refers to tasks.o(.text) for xTaskRemoveFromEventList
    queue.o(.text) refers to list.o(.text) for vListInitialise
    queue.o(.text) refers to heap_4.o(.text) for pvPortMalloc
    queue.o(.text) refers to memcpya.o(.text) for __aeabi_memcpy
    queue.o(.text) refers to port.o(.emb_text) for ulSetInterruptMaskFromISR
    queue.o(.text) refers to queue.o(.bss) for xQueueRegistry
    tasks.o(.text) refers to list.o(.text) for vListInitialise
    tasks.o(.text) refers to port.o(.text) for vPortEnterCritical
    tasks.o(.text) refers to printf3.o(i.__0printf$3) for __2printf
    tasks.o(.text) refers to heap_4.o(.text) for pvPortMalloc
    tasks.o(.text) refers to tasks.o(.bss) for pxReadyTasksLists
    tasks.o(.text) refers to tasks.o(.data) for pxDelayedTaskList
    tasks.o(.text) refers to port.o(.emb_text) for ulSetInterruptMaskFromISR
    tasks.o(.text) refers to main.o(.text) for vApplicationGetIdleTaskMemory
    tasks.o(.text) refers to timers.o(.text) for xTimerCreateTimerTask
    tasks.o(.text) refers to tasks.o(i.__ARM_common_switch8) for __ARM_common_switch8
    timers.o(.text) refers to list.o(.text) for vListInsert
    timers.o(.text) refers to printf3.o(i.__0printf$3) for __2printf
    timers.o(.text) refers to tasks.o(.text) for xTaskGetSchedulerState
    timers.o(.text) refers to queue.o(.text) for xQueueGenericSend
    timers.o(.text) refers to tasks.o(i.__ARM_common_switch8) for __ARM_common_switch8
    timers.o(.text) refers to heap_4.o(.text) for vPortFree
    timers.o(.text) refers to port.o(.text) for vPortYield
    timers.o(.text) refers to main.o(.text) for vApplicationGetTimerTaskMemory
    timers.o(.text) refers to timers.o(.data) for pxOverflowTimerList
    timers.o(.text) refers to timers.o(.bss) for xActiveTimerList1
    entry.o(.ARM.Collect$$$$00000000) refers (Special) to entry10a.o(.ARM.Collect$$$$0000000D) for __rt_final_cpp
    entry.o(.ARM.Collect$$$$00000000) refers (Special) to entry11a.o(.ARM.Collect$$$$0000000F) for __rt_final_exit
    entry.o(.ARM.Collect$$$$00000000) refers (Special) to entry7b.o(.ARM.Collect$$$$00000008) for _main_clock
    entry.o(.ARM.Collect$$$$00000000) refers (Special) to entry8b.o(.ARM.Collect$$$$0000000A) for _main_cpp_init
    entry.o(.ARM.Collect$$$$00000000) refers (Special) to entry9a.o(.ARM.Collect$$$$0000000B) for _main_init
    entry.o(.ARM.Collect$$$$00000000) refers (Special) to entry5.o(.ARM.Collect$$$$00000004) for _main_scatterload
    entry.o(.ARM.Collect$$$$00000000) refers (Special) to entry2.o(.ARM.Collect$$$$00000001) for _main_stk
    idiv.o(.text) refers to uidiv.o(.text) for __aeabi_uidivmod
    printfb.o(i.__0fprintf$bare) refers to printfb.o(i._printf_core) for _printf_core
    printfb.o(i.__0fprintf$bare) refers to usart.o(.text) for fputc
    printfb.o(i.__0printf$bare) refers to printfb.o(i._printf_core) for _printf_core
    printfb.o(i.__0printf$bare) refers to usart.o(.text) for fputc
    printfb.o(i.__0printf$bare) refers to stdout.o(.data) for __stdout
    printfb.o(i.__0snprintf$bare) refers to printfb.o(i._printf_core) for _printf_core
    printfb.o(i.__0snprintf$bare) refers to printfb.o(i._snputc) for _snputc
    printfb.o(i.__0sprintf$bare) refers to printfb.o(i._printf_core) for _printf_core
    printfb.o(i.__0sprintf$bare) refers to printfb.o(i._sputc) for _sputc
    printfb.o(i.__0vfprintf$bare) refers to printfb.o(i._printf_core) for _printf_core
    printfb.o(i.__0vfprintf$bare) refers to usart.o(.text) for fputc
    printfb.o(i.__0vprintf$bare) refers to printfb.o(i._printf_core) for _printf_core
    printfb.o(i.__0vprintf$bare) refers to usart.o(.text) for fputc
    printfb.o(i.__0vprintf$bare) refers to stdout.o(.data) for __stdout
    printfb.o(i.__0vsnprintf$bare) refers to printfb.o(i._printf_core) for _printf_core
    printfb.o(i.__0vsnprintf$bare) refers to printfb.o(i._snputc) for _snputc
    printfb.o(i.__0vsprintf$bare) refers to printfb.o(i._printf_core) for _printf_core
    printfb.o(i.__0vsprintf$bare) refers to printfb.o(i._sputc) for _sputc
    printf0.o(i.__0fprintf$0) refers to printf0.o(i._printf_core) for _printf_core
    printf0.o(i.__0fprintf$0) refers to usart.o(.text) for fputc
    printf0.o(i.__0printf$0) refers to printf0.o(i._printf_core) for _printf_core
    printf0.o(i.__0printf$0) refers to usart.o(.text) for fputc
    printf0.o(i.__0printf$0) refers to stdout.o(.data) for __stdout
    printf0.o(i.__0snprintf$0) refers to printf0.o(i._printf_core) for _printf_core
    printf0.o(i.__0snprintf$0) refers to printf0.o(i._snputc) for _snputc
    printf0.o(i.__0sprintf$0) refers to printf0.o(i._printf_core) for _printf_core
    printf0.o(i.__0sprintf$0) refers to printf0.o(i._sputc) for _sputc
    printf0.o(i.__0vfprintf$0) refers to printf0.o(i._printf_core) for _printf_core
    printf0.o(i.__0vfprintf$0) refers to usart.o(.text) for fputc
    printf0.o(i.__0vprintf$0) refers to printf0.o(i._printf_core) for _printf_core
    printf0.o(i.__0vprintf$0) refers to usart.o(.text) for fputc
    printf0.o(i.__0vprintf$0) refers to stdout.o(.data) for __stdout
    printf0.o(i.__0vsnprintf$0) refers to printf0.o(i._printf_core) for _printf_core
    printf0.o(i.__0vsnprintf$0) refers to printf0.o(i._snputc) for _snputc
    printf0.o(i.__0vsprintf$0) refers to printf0.o(i._printf_core) for _printf_core
    printf0.o(i.__0vsprintf$0) refers to printf0.o(i._sputc) for _sputc
    printf1.o(i.__0fprintf$1) refers to printf1.o(i._printf_core) for _printf_core
    printf1.o(i.__0fprintf$1) refers to usart.o(.text) for fputc
    printf1.o(i.__0printf$1) refers to printf1.o(i._printf_core) for _printf_core
    printf1.o(i.__0printf$1) refers to usart.o(.text) for fputc
    printf1.o(i.__0printf$1) refers to stdout.o(.data) for __stdout
    printf1.o(i.__0snprintf$1) refers to printf1.o(i._printf_core) for _printf_core
    printf1.o(i.__0snprintf$1) refers to printf1.o(i._snputc) for _snputc
    printf1.o(i.__0sprintf$1) refers to printf1.o(i._printf_core) for _printf_core
    printf1.o(i.__0sprintf$1) refers to printf1.o(i._sputc) for _sputc
    printf1.o(i.__0vfprintf$1) refers to printf1.o(i._printf_core) for _printf_core
    printf1.o(i.__0vfprintf$1) refers to usart.o(.text) for fputc
    printf1.o(i.__0vprintf$1) refers to printf1.o(i._printf_core) for _printf_core
    printf1.o(i.__0vprintf$1) refers to usart.o(.text) for fputc
    printf1.o(i.__0vprintf$1) refers to stdout.o(.data) for __stdout
    printf1.o(i.__0vsnprintf$1) refers to printf1.o(i._printf_core) for _printf_core
    printf1.o(i.__0vsnprintf$1) refers to printf1.o(i._snputc) for _snputc
    printf1.o(i.__0vsprintf$1) refers to printf1.o(i._printf_core) for _printf_core
    printf1.o(i.__0vsprintf$1) refers to printf1.o(i._sputc) for _sputc
    printf1.o(i._printf_core) refers to uidiv.o(.text) for __aeabi_uidivmod
    printf2.o(i.__0fprintf$2) refers to printf2.o(i._printf_core) for _printf_core
    printf2.o(i.__0fprintf$2) refers to usart.o(.text) for fputc
    printf2.o(i.__0printf$2) refers to printf2.o(i._printf_core) for _printf_core
    printf2.o(i.__0printf$2) refers to usart.o(.text) for fputc
    printf2.o(i.__0printf$2) refers to stdout.o(.data) for __stdout
    printf2.o(i.__0snprintf$2) refers to printf2.o(i._printf_core) for _printf_core
    printf2.o(i.__0snprintf$2) refers to printf2.o(i._snputc) for _snputc
    printf2.o(i.__0sprintf$2) refers to printf2.o(i._printf_core) for _printf_core
    printf2.o(i.__0sprintf$2) refers to printf2.o(i._sputc) for _sputc
    printf2.o(i.__0vfprintf$2) refers to printf2.o(i._printf_core) for _printf_core
    printf2.o(i.__0vfprintf$2) refers to usart.o(.text) for fputc
    printf2.o(i.__0vprintf$2) refers to printf2.o(i._printf_core) for _printf_core
    printf2.o(i.__0vprintf$2) refers to usart.o(.text) for fputc
    printf2.o(i.__0vprintf$2) refers to stdout.o(.data) for __stdout
    printf2.o(i.__0vsnprintf$2) refers to printf2.o(i._printf_core) for _printf_core
    printf2.o(i.__0vsnprintf$2) refers to printf2.o(i._snputc) for _snputc
    printf2.o(i.__0vsprintf$2) refers to printf2.o(i._printf_core) for _printf_core
    printf2.o(i.__0vsprintf$2) refers to printf2.o(i._sputc) for _sputc
    printf3.o(i.__0fprintf$3) refers to printf3.o(i._printf_core) for _printf_core
    printf3.o(i.__0fprintf$3) refers to usart.o(.text) for fputc
    printf3.o(i.__0printf$3) refers to printf3.o(i._printf_core) for _printf_core
    printf3.o(i.__0printf$3) refers to usart.o(.text) for fputc
    printf3.o(i.__0printf$3) refers to stdout.o(.data) for __stdout
    printf3.o(i.__0snprintf$3) refers to printf3.o(i._printf_core) for _printf_core
    printf3.o(i.__0snprintf$3) refers to printf3.o(i._snputc) for _snputc
    printf3.o(i.__0sprintf$3) refers to printf3.o(i._printf_core) for _printf_core
    printf3.o(i.__0sprintf$3) refers to printf3.o(i._sputc) for _sputc
    printf3.o(i.__0vfprintf$3) refers to printf3.o(i._printf_core) for _printf_core
    printf3.o(i.__0vfprintf$3) refers to usart.o(.text) for fputc
    printf3.o(i.__0vprintf$3) refers to printf3.o(i._printf_core) for _printf_core
    printf3.o(i.__0vprintf$3) refers to usart.o(.text) for fputc
    printf3.o(i.__0vprintf$3) refers to stdout.o(.data) for __stdout
    printf3.o(i.__0vsnprintf$3) refers to printf3.o(i._printf_core) for _printf_core
    printf3.o(i.__0vsnprintf$3) refers to printf3.o(i._snputc) for _snputc
    printf3.o(i.__0vsprintf$3) refers to printf3.o(i._printf_core) for _printf_core
    printf3.o(i.__0vsprintf$3) refers to printf3.o(i._sputc) for _sputc
    printf3.o(i._printf_core) refers to uidiv.o(.text) for __aeabi_uidivmod
    printf4.o(i.__0fprintf$4) refers to printf4.o(i._printf_core) for _printf_core
    printf4.o(i.__0fprintf$4) refers to usart.o(.text) for fputc
    printf4.o(i.__0printf$4) refers to printf4.o(i._printf_core) for _printf_core
    printf4.o(i.__0printf$4) refers to usart.o(.text) for fputc
    printf4.o(i.__0printf$4) refers to stdout.o(.data) for __stdout
    printf4.o(i.__0snprintf$4) refers to printf4.o(i._printf_core) for _printf_core
    printf4.o(i.__0snprintf$4) refers to printf4.o(i._snputc) for _snputc
    printf4.o(i.__0sprintf$4) refers to printf4.o(i._printf_core) for _printf_core
    printf4.o(i.__0sprintf$4) refers to printf4.o(i._sputc) for _sputc
    printf4.o(i.__0vfprintf$4) refers to printf4.o(i._printf_core) for _printf_core
    printf4.o(i.__0vfprintf$4) refers to usart.o(.text) for fputc
    printf4.o(i.__0vprintf$4) refers to printf4.o(i._printf_core) for _printf_core
    printf4.o(i.__0vprintf$4) refers to usart.o(.text) for fputc
    printf4.o(i.__0vprintf$4) refers to stdout.o(.data) for __stdout
    printf4.o(i.__0vsnprintf$4) refers to printf4.o(i._printf_core) for _printf_core
    printf4.o(i.__0vsnprintf$4) refers to printf4.o(i._snputc) for _snputc
    printf4.o(i.__0vsprintf$4) refers to printf4.o(i._printf_core) for _printf_core
    printf4.o(i.__0vsprintf$4) refers to printf4.o(i._sputc) for _sputc
    printf4.o(i._printf_core) refers to uldiv.o(.text) for __aeabi_uldivmod
    printf5.o(i.__0fprintf$5) refers to printf5.o(i._printf_core) for _printf_core
    printf5.o(i.__0fprintf$5) refers to usart.o(.text) for fputc
    printf5.o(i.__0printf$5) refers to printf5.o(i._printf_core) for _printf_core
    printf5.o(i.__0printf$5) refers to usart.o(.text) for fputc
    printf5.o(i.__0printf$5) refers to stdout.o(.data) for __stdout
    printf5.o(i.__0snprintf$5) refers to printf5.o(i._printf_core) for _printf_core
    printf5.o(i.__0snprintf$5) refers to printf5.o(i._snputc) for _snputc
    printf5.o(i.__0sprintf$5) refers to printf5.o(i._printf_core) for _printf_core
    printf5.o(i.__0sprintf$5) refers to printf5.o(i._sputc) for _sputc
    printf5.o(i.__0vfprintf$5) refers to printf5.o(i._printf_core) for _printf_core
    printf5.o(i.__0vfprintf$5) refers to usart.o(.text) for fputc
    printf5.o(i.__0vprintf$5) refers to printf5.o(i._printf_core) for _printf_core
    printf5.o(i.__0vprintf$5) refers to usart.o(.text) for fputc
    printf5.o(i.__0vprintf$5) refers to stdout.o(.data) for __stdout
    printf5.o(i.__0vsnprintf$5) refers to printf5.o(i._printf_core) for _printf_core
    printf5.o(i.__0vsnprintf$5) refers to printf5.o(i._snputc) for _snputc
    printf5.o(i.__0vsprintf$5) refers to printf5.o(i._printf_core) for _printf_core
    printf5.o(i.__0vsprintf$5) refers to printf5.o(i._sputc) for _sputc
    printf5.o(i._printf_core) refers to uldiv.o(.text) for __aeabi_uldivmod
    printf6.o(i.__0fprintf$6) refers to printf6.o(i._printf_core) for _printf_core
    printf6.o(i.__0fprintf$6) refers to usart.o(.text) for fputc
    printf6.o(i.__0printf$6) refers to printf6.o(i._printf_core) for _printf_core
    printf6.o(i.__0printf$6) refers to usart.o(.text) for fputc
    printf6.o(i.__0printf$6) refers to stdout.o(.data) for __stdout
    printf6.o(i.__0snprintf$6) refers to printf6.o(i._printf_core) for _printf_core
    printf6.o(i.__0snprintf$6) refers to printf6.o(i._snputc) for _snputc
    printf6.o(i.__0sprintf$6) refers to printf6.o(i._printf_core) for _printf_core
    printf6.o(i.__0sprintf$6) refers to printf6.o(i._sputc) for _sputc
    printf6.o(i.__0vfprintf$6) refers to printf6.o(i._printf_core) for _printf_core
    printf6.o(i.__0vfprintf$6) refers to usart.o(.text) for fputc
    printf6.o(i.__0vprintf$6) refers to printf6.o(i._printf_core) for _printf_core
    printf6.o(i.__0vprintf$6) refers to usart.o(.text) for fputc
    printf6.o(i.__0vprintf$6) refers to stdout.o(.data) for __stdout
    printf6.o(i.__0vsnprintf$6) refers to printf6.o(i._printf_core) for _printf_core
    printf6.o(i.__0vsnprintf$6) refers to printf6.o(i._snputc) for _snputc
    printf6.o(i.__0vsprintf$6) refers to printf6.o(i._printf_core) for _printf_core
    printf6.o(i.__0vsprintf$6) refers to printf6.o(i._sputc) for _sputc
    printf6.o(i._printf_core) refers to printf6.o(i._printf_pre_padding) for _printf_pre_padding
    printf6.o(i._printf_core) refers to printf6.o(i._printf_post_padding) for _printf_post_padding
    printf6.o(i._printf_core) refers to uidiv.o(.text) for __aeabi_uidivmod
    printf7.o(i.__0fprintf$7) refers to printf7.o(i._printf_core) for _printf_core
    printf7.o(i.__0fprintf$7) refers to usart.o(.text) for fputc
    printf7.o(i.__0printf$7) refers to printf7.o(i._printf_core) for _printf_core
    printf7.o(i.__0printf$7) refers to usart.o(.text) for fputc
    printf7.o(i.__0printf$7) refers to stdout.o(.data) for __stdout
    printf7.o(i.__0snprintf$7) refers to printf7.o(i._printf_core) for _printf_core
    printf7.o(i.__0snprintf$7) refers to printf7.o(i._snputc) for _snputc
    printf7.o(i.__0sprintf$7) refers to printf7.o(i._printf_core) for _printf_core
    printf7.o(i.__0sprintf$7) refers to printf7.o(i._sputc) for _sputc
    printf7.o(i.__0vfprintf$7) refers to printf7.o(i._printf_core) for _printf_core
    printf7.o(i.__0vfprintf$7) refers to usart.o(.text) for fputc
    printf7.o(i.__0vprintf$7) refers to printf7.o(i._printf_core) for _printf_core
    printf7.o(i.__0vprintf$7) refers to usart.o(.text) for fputc
    printf7.o(i.__0vprintf$7) refers to stdout.o(.data) for __stdout
    printf7.o(i.__0vsnprintf$7) refers to printf7.o(i._printf_core) for _printf_core
    printf7.o(i.__0vsnprintf$7) refers to printf7.o(i._snputc) for _snputc
    printf7.o(i.__0vsprintf$7) refers to printf7.o(i._printf_core) for _printf_core
    printf7.o(i.__0vsprintf$7) refers to printf7.o(i._sputc) for _sputc
    printf7.o(i._printf_core) refers to printf7.o(i._printf_pre_padding) for _printf_pre_padding
    printf7.o(i._printf_core) refers to printf7.o(i._printf_post_padding) for _printf_post_padding
    printf7.o(i._printf_core) refers to uldiv.o(.text) for __aeabi_uldivmod
    printf8.o(i.__0fprintf$8) refers to printf8.o(i._printf_core) for _printf_core
    printf8.o(i.__0fprintf$8) refers to usart.o(.text) for fputc
    printf8.o(i.__0printf$8) refers to printf8.o(i._printf_core) for _printf_core
    printf8.o(i.__0printf$8) refers to usart.o(.text) for fputc
    printf8.o(i.__0printf$8) refers to stdout.o(.data) for __stdout
    printf8.o(i.__0snprintf$8) refers to printf8.o(i._printf_core) for _printf_core
    printf8.o(i.__0snprintf$8) refers to printf8.o(i._snputc) for _snputc
    printf8.o(i.__0sprintf$8) refers to printf8.o(i._printf_core) for _printf_core
    printf8.o(i.__0sprintf$8) refers to printf8.o(i._sputc) for _sputc
    printf8.o(i.__0vfprintf$8) refers to printf8.o(i._printf_core) for _printf_core
    printf8.o(i.__0vfprintf$8) refers to usart.o(.text) for fputc
    printf8.o(i.__0vprintf$8) refers to printf8.o(i._printf_core) for _printf_core
    printf8.o(i.__0vprintf$8) refers to usart.o(.text) for fputc
    printf8.o(i.__0vprintf$8) refers to stdout.o(.data) for __stdout
    printf8.o(i.__0vsnprintf$8) refers to printf8.o(i._printf_core) for _printf_core
    printf8.o(i.__0vsnprintf$8) refers to printf8.o(i._snputc) for _snputc
    printf8.o(i.__0vsprintf$8) refers to printf8.o(i._printf_core) for _printf_core
    printf8.o(i.__0vsprintf$8) refers to printf8.o(i._sputc) for _sputc
    printf8.o(i._printf_core) refers to printf8.o(i._printf_pre_padding) for _printf_pre_padding
    printf8.o(i._printf_core) refers to printf8.o(i._printf_post_padding) for _printf_post_padding
    printf8.o(i._printf_core) refers to uldiv.o(.text) for __aeabi_uldivmod
    printfa.o(i.__0fprintf) refers (Special) to iusefp.o(.text) for __I$use$fp
    printfa.o(i.__0fprintf) refers to printfa.o(i._printf_core) for _printf_core
    printfa.o(i.__0fprintf) refers to usart.o(.text) for fputc
    printfa.o(i.__0printf) refers (Special) to iusefp.o(.text) for __I$use$fp
    printfa.o(i.__0printf) refers to printfa.o(i._printf_core) for _printf_core
    printfa.o(i.__0printf) refers to usart.o(.text) for fputc
    printfa.o(i.__0printf) refers to stdout.o(.data) for __stdout
    printfa.o(i.__0snprintf) refers (Special) to iusefp.o(.text) for __I$use$fp
    printfa.o(i.__0snprintf) refers to printfa.o(i._printf_core) for _printf_core
    printfa.o(i.__0snprintf) refers to printfa.o(i._snputc) for _snputc
    printfa.o(i.__0sprintf) refers (Special) to iusefp.o(.text) for __I$use$fp
    printfa.o(i.__0sprintf) refers to printfa.o(i._printf_core) for _printf_core
    printfa.o(i.__0sprintf) refers to printfa.o(i._sputc) for _sputc
    printfa.o(i.__0vfprintf) refers (Special) to iusefp.o(.text) for __I$use$fp
    printfa.o(i.__0vfprintf) refers to printfa.o(i._printf_core) for _printf_core
    printfa.o(i.__0vfprintf) refers to usart.o(.text) for fputc
    printfa.o(i.__0vprintf) refers (Special) to iusefp.o(.text) for __I$use$fp
    printfa.o(i.__0vprintf) refers to printfa.o(i._printf_core) for _printf_core
    printfa.o(i.__0vprintf) refers to usart.o(.text) for fputc
    printfa.o(i.__0vprintf) refers to stdout.o(.data) for __stdout
    printfa.o(i.__0vsnprintf) refers (Special) to iusefp.o(.text) for __I$use$fp
    printfa.o(i.__0vsnprintf) refers to printfa.o(i._printf_core) for _printf_core
    printfa.o(i.__0vsnprintf) refers to printfa.o(i._snputc) for _snputc
    printfa.o(i.__0vsprintf) refers (Special) to iusefp.o(.text) for __I$use$fp
    printfa.o(i.__0vsprintf) refers to printfa.o(i._printf_core) for _printf_core
    printfa.o(i.__0vsprintf) refers to printfa.o(i._sputc) for _sputc
    printfa.o(i._fp_digits) refers (Special) to iusefp.o(.text) for __I$use$fp
    printfa.o(i._fp_digits) refers to dmul.o(.text) for __aeabi_dmul
    printfa.o(i._fp_digits) refers to ddiv.o(.text) for __aeabi_ddiv
    printfa.o(i._fp_digits) refers to cdrcmple.o(.text) for __aeabi_cdrcmple
    printfa.o(i._fp_digits) refers to dadd.o(.text) for __aeabi_dadd
    printfa.o(i._fp_digits) refers to dfixul.o(.text) for __aeabi_d2ulz
    printfa.o(i._fp_digits) refers to uldiv.o(.text) for __aeabi_uldivmod
    printfa.o(i._printf_core) refers (Special) to iusefp.o(.text) for __I$use$fp
    printfa.o(i._printf_core) refers to printfa.o(i._printf_pre_padding) for _printf_pre_padding
    printfa.o(i._printf_core) refers to uldiv.o(.text) for __aeabi_uldivmod
    printfa.o(i._printf_core) refers to printfa.o(i._printf_post_padding) for _printf_post_padding
    printfa.o(i._printf_core) refers to printfa.o(i._fp_digits) for _fp_digits
    printfa.o(i._printf_core) refers to uidiv.o(.text) for __aeabi_uidivmod
    printfa.o(i._printf_post_padding) refers (Special) to iusefp.o(.text) for __I$use$fp
    printfa.o(i._printf_pre_padding) refers (Special) to iusefp.o(.text) for __I$use$fp
    printfa.o(i._snputc) refers (Special) to iusefp.o(.text) for __I$use$fp
    printfa.o(i._sputc) refers (Special) to iusefp.o(.text) for __I$use$fp
    entry2.o(.ARM.Collect$$$$00000001) refers to entry2.o(.ARM.Collect$$$$00002712) for __lit__00000000
    entry2.o(.ARM.Collect$$$$00002712) refers to startup_n32g032.o(STACK) for __initial_sp
    entry2.o(__vectab_stack_and_reset_area) refers to startup_n32g032.o(STACK) for __initial_sp
    entry2.o(__vectab_stack_and_reset_area) refers to entry.o(.ARM.Collect$$$$00000000) for __main
    entry5.o(.ARM.Collect$$$$00000004) refers to init.o(.text) for __scatterload
    entry9a.o(.ARM.Collect$$$$0000000B) refers to main.o(.text) for main
    entry9b.o(.ARM.Collect$$$$0000000C) refers to main.o(.text) for main
    uldiv.o(.text) refers to llushr.o(.text) for __aeabi_llsr
    uldiv.o(.text) refers to llshl.o(.text) for __aeabi_llsl
    dadd.o(.text) refers to llshl.o(.text) for __aeabi_llsl
    dadd.o(.text) refers to llsshr.o(.text) for __aeabi_lasr
    dadd.o(.text) refers to depilogue.o(.text) for _double_epilogue
    dmul.o(.text) refers to depilogue.o(.text) for _double_epilogue
    ddiv.o(.text) refers to depilogue.o(.text) for _double_round
    dfixul.o(.text) refers to llushr.o(.text) for __aeabi_llsr
    dfixul.o(.text) refers to llshl.o(.text) for __aeabi_llsl
    init.o(.text) refers to entry5.o(.ARM.Collect$$$$00000004) for __main_after_scatterload
    depilogue.o(.text) refers to depilogue.o(i.__ARM_clz) for __ARM_clz
    depilogue.o(.text) refers to llshl.o(.text) for __aeabi_llsl
    depilogue.o(.text) refers to llushr.o(.text) for __aeabi_llsr


==============================================================================

Removing Unused input sections from the image.

    Removing systick.o(.emb_text), (8 bytes).
    Removing systick.o(.text), (280 bytes).
    Removing systick.o(.data), (8 bytes).
    Removing system_n32g032.o(.emb_text), (8 bytes).
    Removing startup_n32g032.o(HEAP), (512 bytes).
    Removing usart.o(.emb_text), (8 bytes).
    Removing key.o(.emb_text), (8 bytes).
    Removing led.o(.emb_text), (8 bytes).
    Removing misc.o(.emb_text), (8 bytes).
    Removing n32g032_crc.o(.emb_text), (8 bytes).
    Removing n32g032_crc.o(.text), (208 bytes).
    Removing n32g032_flash.o(.emb_text), (8 bytes).
    Removing n32g032_flash.o(.text), (1876 bytes).
    Removing n32g032_gpio.o(.emb_text), (8 bytes).
    Removing n32g032_i2c.o(.emb_text), (8 bytes).
    Removing n32g032_i2c.o(.text), (1202 bytes).
    Removing n32g032_rcc.o(.emb_text), (8 bytes).
    Removing n32g032_dma.o(.emb_text), (8 bytes).
    Removing n32g032_dma.o(.text), (456 bytes).
    Removing n32g032_usart.o(.emb_text), (8 bytes).
    Removing main.o(.emb_text), (8 bytes).
    Removing n32g032_it.o(.emb_text), (8 bytes).
    Removing event_groups.o(.text), (1144 bytes).
    Removing dadd.o(.text), (356 bytes).
    Removing dmul.o(.text), (208 bytes).
    Removing ddiv.o(.text), (240 bytes).
    Removing dfixul.o(.text), (64 bytes).
    Removing cdrcmple.o(.text), (40 bytes).
    Removing depilogue.o(.text), (190 bytes).
    Removing depilogue.o(i.__ARM_clz), (46 bytes).

30 unused section(s) (total 6950 bytes) removed from the image.

==============================================================================

Image Symbol Table

    Local Symbols

    Symbol Name                              Value     Ov Type        Size  Object(Section)

    ../clib/microlib/division.c              0x00000000   Number         0  uidiv.o ABSOLUTE
    ../clib/microlib/division.c              0x00000000   Number         0  idiv.o ABSOLUTE
    ../clib/microlib/division.c              0x00000000   Number         0  uldiv.o ABSOLUTE
    ../clib/microlib/init/entry.s            0x00000000   Number         0  entry.o ABSOLUTE
    ../clib/microlib/init/entry.s            0x00000000   Number         0  entry11b.o ABSOLUTE
    ../clib/microlib/init/entry.s            0x00000000   Number         0  entry11a.o ABSOLUTE
    ../clib/microlib/init/entry.s            0x00000000   Number         0  entry9a.o ABSOLUTE
    ../clib/microlib/init/entry.s            0x00000000   Number         0  entry10b.o ABSOLUTE
    ../clib/microlib/init/entry.s            0x00000000   Number         0  entry10a.o ABSOLUTE
    ../clib/microlib/init/entry.s            0x00000000   Number         0  entry9b.o ABSOLUTE
    ../clib/microlib/init/entry.s            0x00000000   Number         0  entry8b.o ABSOLUTE
    ../clib/microlib/init/entry.s            0x00000000   Number         0  entry8a.o ABSOLUTE
    ../clib/microlib/init/entry.s            0x00000000   Number         0  entry7b.o ABSOLUTE
    ../clib/microlib/init/entry.s            0x00000000   Number         0  entry7a.o ABSOLUTE
    ../clib/microlib/init/entry.s            0x00000000   Number         0  entry5.o ABSOLUTE
    ../clib/microlib/init/entry.s            0x00000000   Number         0  entry2.o ABSOLUTE
    ../clib/microlib/longlong.c              0x00000000   Number         0  llshl.o ABSOLUTE
    ../clib/microlib/longlong.c              0x00000000   Number         0  llushr.o ABSOLUTE
    ../clib/microlib/longlong.c              0x00000000   Number         0  llsshr.o ABSOLUTE
    ../clib/microlib/printf/printf.c         0x00000000   Number         0  printfa.o ABSOLUTE
    ../clib/microlib/printf/printf.c         0x00000000   Number         0  printf5.o ABSOLUTE
    ../clib/microlib/printf/printf.c         0x00000000   Number         0  printf0.o ABSOLUTE
    ../clib/microlib/printf/printf.c         0x00000000   Number         0  printf1.o ABSOLUTE
    ../clib/microlib/printf/printf.c         0x00000000   Number         0  printf2.o ABSOLUTE
    ../clib/microlib/printf/printf.c         0x00000000   Number         0  printf3.o ABSOLUTE
    ../clib/microlib/printf/printf.c         0x00000000   Number         0  printf4.o ABSOLUTE
    ../clib/microlib/printf/printf.c         0x00000000   Number         0  printf6.o ABSOLUTE
    ../clib/microlib/printf/printf.c         0x00000000   Number         0  printf7.o ABSOLUTE
    ../clib/microlib/printf/printf.c         0x00000000   Number         0  printf8.o ABSOLUTE
    ../clib/microlib/printf/printf.c         0x00000000   Number         0  printfb.o ABSOLUTE
    ../clib/microlib/printf/stubs.s          0x00000000   Number         0  stubs.o ABSOLUTE
    ../clib/microlib/stdio/streams.c         0x00000000   Number         0  stdout.o ABSOLUTE
    ../clib/microlib/string/memcpy.c         0x00000000   Number         0  memcpyb.o ABSOLUTE
    ../clib/microlib/string/memcpy.c         0x00000000   Number         0  memcpya.o ABSOLUTE
    ../clib/microlib/stubs.s                 0x00000000   Number         0  iusefp.o ABSOLUTE
    ../fplib/microlib/fpadd.c                0x00000000   Number         0  dadd.o ABSOLUTE
    ../fplib/microlib/fpdiv.c                0x00000000   Number         0  ddiv.o ABSOLUTE
    ../fplib/microlib/fpepilogue.c           0x00000000   Number         0  depilogue.o ABSOLUTE
    ../fplib/microlib/fpfix.c                0x00000000   Number         0  dfixul.o ABSOLUTE
    ../fplib/microlib/fpmul.c                0x00000000   Number         0  dmul.o ABSOLUTE
    App\LED.c                                0x00000000   Number         0  led.o ABSOLUTE
    App\\LED.c                               0x00000000   Number         0  led.o ABSOLUTE
    App\\key.c                               0x00000000   Number         0  key.o ABSOLUTE
    App\\systick.c                           0x00000000   Number         0  systick.o ABSOLUTE
    App\\usart.c                             0x00000000   Number         0  usart.o ABSOLUTE
    App\key.c                                0x00000000   Number         0  key.o ABSOLUTE
    App\systick.c                            0x00000000   Number         0  systick.o ABSOLUTE
    App\usart.c                              0x00000000   Number         0  usart.o ABSOLUTE
    FreeRTOS\\port\\RVDS\\ARM_CM0\\port.c    0x00000000   Number         0  port.o ABSOLUTE
    FreeRTOS\port\MemMang\heap_4.c           0x00000000   Number         0  heap_4.o ABSOLUTE
    FreeRTOS\port\RVDS\ARM_CM0\port.c        0x00000000   Number         0  port.o ABSOLUTE
    FreeRTOS\src\croutine.c                  0x00000000   Number         0  croutine.o ABSOLUTE
    FreeRTOS\src\event_groups.c              0x00000000   Number         0  event_groups.o ABSOLUTE
    FreeRTOS\src\list.c                      0x00000000   Number         0  list.o ABSOLUTE
    FreeRTOS\src\queue.c                     0x00000000   Number         0  queue.o ABSOLUTE
    FreeRTOS\src\tasks.c                     0x00000000   Number         0  tasks.o ABSOLUTE
    FreeRTOS\src\timers.c                    0x00000000   Number         0  timers.o ABSOLUTE
    User\\main.c                             0x00000000   Number         0  main.o ABSOLUTE
    User\\n32g032_it.c                       0x00000000   Number         0  n32g032_it.o ABSOLUTE
    User\main.c                              0x00000000   Number         0  main.o ABSOLUTE
    User\n32g032_it.c                        0x00000000   Number         0  n32g032_it.o ABSOLUTE
    cdrcmple.s                               0x00000000   Number         0  cdrcmple.o ABSOLUTE
    dc.s                                     0x00000000   Number         0  dc.o ABSOLUTE
    firmware\CMSIS\device\startup\startup_n32g032.s 0x00000000   Number         0  startup_n32g032.o ABSOLUTE
    firmware\CMSIS\device\system_n32g032.c   0x00000000   Number         0  system_n32g032.o ABSOLUTE
    firmware\\CMSIS\\device\\system_n32g032.c 0x00000000   Number         0  system_n32g032.o ABSOLUTE
    firmware\\n32g032_std_periph_driver\\src\\misc.c 0x00000000   Number         0  misc.o ABSOLUTE
    firmware\\n32g032_std_periph_driver\\src\\n32g032_crc.c 0x00000000   Number         0  n32g032_crc.o ABSOLUTE
    firmware\\n32g032_std_periph_driver\\src\\n32g032_dma.c 0x00000000   Number         0  n32g032_dma.o ABSOLUTE
    firmware\\n32g032_std_periph_driver\\src\\n32g032_flash.c 0x00000000   Number         0  n32g032_flash.o ABSOLUTE
    firmware\\n32g032_std_periph_driver\\src\\n32g032_gpio.c 0x00000000   Number         0  n32g032_gpio.o ABSOLUTE
    firmware\\n32g032_std_periph_driver\\src\\n32g032_i2c.c 0x00000000   Number         0  n32g032_i2c.o ABSOLUTE
    firmware\\n32g032_std_periph_driver\\src\\n32g032_rcc.c 0x00000000   Number         0  n32g032_rcc.o ABSOLUTE
    firmware\\n32g032_std_periph_driver\\src\\n32g032_usart.c 0x00000000   Number         0  n32g032_usart.o ABSOLUTE
    firmware\n32g032_std_periph_driver\src\misc.c 0x00000000   Number         0  misc.o ABSOLUTE
    firmware\n32g032_std_periph_driver\src\n32g032_crc.c 0x00000000   Number         0  n32g032_crc.o ABSOLUTE
    firmware\n32g032_std_periph_driver\src\n32g032_dma.c 0x00000000   Number         0  n32g032_dma.o ABSOLUTE
    firmware\n32g032_std_periph_driver\src\n32g032_flash.c 0x00000000   Number         0  n32g032_flash.o ABSOLUTE
    firmware\n32g032_std_periph_driver\src\n32g032_gpio.c 0x00000000   Number         0  n32g032_gpio.o ABSOLUTE
    firmware\n32g032_std_periph_driver\src\n32g032_i2c.c 0x00000000   Number         0  n32g032_i2c.o ABSOLUTE
    firmware\n32g032_std_periph_driver\src\n32g032_rcc.c 0x00000000   Number         0  n32g032_rcc.o ABSOLUTE
    firmware\n32g032_std_periph_driver\src\n32g032_usart.c 0x00000000   Number         0  n32g032_usart.o ABSOLUTE
    handlers.s                               0x00000000   Number         0  handlers.o ABSOLUTE
    init.s                                   0x00000000   Number         0  init.o ABSOLUTE
    RESET                                    0x08000000   Section      192  startup_n32g032.o(RESET)
    .ARM.Collect$$$$00000000                 0x080000c0   Section        0  entry.o(.ARM.Collect$$$$00000000)
    .ARM.Collect$$$$00000001                 0x080000c0   Section        4  entry2.o(.ARM.Collect$$$$00000001)
    .ARM.Collect$$$$00000004                 0x080000c4   Section        4  entry5.o(.ARM.Collect$$$$00000004)
    .ARM.Collect$$$$00000008                 0x080000c8   Section        0  entry7b.o(.ARM.Collect$$$$00000008)
    .ARM.Collect$$$$0000000A                 0x080000c8   Section        0  entry8b.o(.ARM.Collect$$$$0000000A)
    .ARM.Collect$$$$0000000B                 0x080000c8   Section        8  entry9a.o(.ARM.Collect$$$$0000000B)
    .ARM.Collect$$$$0000000D                 0x080000d0   Section        0  entry10a.o(.ARM.Collect$$$$0000000D)
    .ARM.Collect$$$$0000000F                 0x080000d0   Section        0  entry11a.o(.ARM.Collect$$$$0000000F)
    .ARM.Collect$$$$00002712                 0x080000d0   Section        4  entry2.o(.ARM.Collect$$$$00002712)
    __lit__00000000                          0x080000d0   Data           4  entry2.o(.ARM.Collect$$$$00002712)
    .emb_text                                0x080000d4   Section      120  port.o(.emb_text)
    .text                                    0x0800014c   Section        0  system_n32g032.o(.text)
    SetSysClock                              0x0800014d   Thumb Code   242  system_n32g032.o(.text)
    .text                                    0x080003d8   Section       28  startup_n32g032.o(.text)
    .text                                    0x080003f4   Section        0  usart.o(.text)
    .text                                    0x080004ac   Section        0  key.o(.text)
    .text                                    0x080004dc   Section        0  led.o(.text)
    .text                                    0x08000518   Section        0  misc.o(.text)
    .text                                    0x080005e4   Section        0  n32g032_gpio.o(.text)
    .text                                    0x08000b10   Section        0  n32g032_rcc.o(.text)
    .text                                    0x08001364   Section        0  n32g032_usart.o(.text)
    .text                                    0x08001734   Section        0  main.o(.text)
    BSP_init                                 0x08001735   Thumb Code    24  main.o(.text)
    LED1_tesk                                0x0800176b   Thumb Code    44  main.o(.text)
    AppTaskCreate                            0x08001797   Thumb Code    72  main.o(.text)
    .text                                    0x080018ec   Section        0  n32g032_it.o(.text)
    .text                                    0x080018fc   Section        0  heap_4.o(.text)
    prvInsertBlockIntoFreeList               0x080018fd   Thumb Code    96  heap_4.o(.text)
    prvHeapInit                              0x0800195d   Thumb Code   100  heap_4.o(.text)
    .text                                    0x08001bb0   Section        0  port.o(.text)
    prvTaskExitError                         0x08001bb1   Thumb Code    36  port.o(.text)
    prvSetupTimerInterrupt                   0x08001bf1   Thumb Code    26  port.o(.text)
    .text                                    0x08001d18   Section        0  list.o(.text)
    .text                                    0x08001db0   Section        0  queue.o(.text)
    prvInitialiseNewQueue                    0x08001e39   Thumb Code    38  queue.o(.text)
    prvCopyDataToQueue                       0x08001f77   Thumb Code   128  queue.o(.text)
    prvNotifyQueueSetContainer               0x08001ff7   Thumb Code   132  queue.o(.text)
    prvUnlockQueue                           0x0800207b   Thumb Code   166  queue.o(.text)
    prvIsQueueFull                           0x08002121   Thumb Code    30  queue.o(.text)
    prvInitialiseMutex                       0x080022fb   Thumb Code    30  queue.o(.text)
    prvIsQueueEmpty                          0x080023a1   Thumb Code    28  queue.o(.text)
    prvCopyDataFromQueue                     0x080023bd   Thumb Code    44  queue.o(.text)
    .text                                    0x08002bf0   Section        0  tasks.o(.text)
    prvInitialiseTaskLists                   0x08002bf1   Thumb Code    68  tasks.o(.text)
    prvAddNewTaskToReadyList                 0x08002c35   Thumb Code   140  tasks.o(.text)
    prvInitialiseNewTask                     0x08002cc1   Thumb Code   168  tasks.o(.text)
    prvResetNextTaskUnblockTime              0x08002e43   Thumb Code    46  tasks.o(.text)
    prvDeleteTCB                             0x08002e71   Thumb Code    72  tasks.o(.text)
    prvAddCurrentTaskToDelayedList           0x080031bd   Thumb Code   100  tasks.o(.text)
    prvTaskIsTaskSuspended                   0x080035f5   Thumb Code    84  tasks.o(.text)
    prvCheckTasksWaitingTermination          0x08003733   Thumb Code    90  tasks.o(.text)
    prvIdleTask                              0x0800378d   Thumb Code    20  tasks.o(.text)
    .text                                    0x08004094   Section        0  timers.o(.text)
    prvInsertTimerInActiveList               0x08004095   Thumb Code    76  timers.o(.text)
    prvSwitchTimerLists                      0x08004155   Thumb Code   138  timers.o(.text)
    prvSampleTimeNow                         0x080041df   Thumb Code    40  timers.o(.text)
    prvProcessReceivedCommands               0x08004207   Thumb Code   278  timers.o(.text)
    prvProcessExpiredTimer                   0x0800431d   Thumb Code    88  timers.o(.text)
    prvProcessTimerOrBlockTask               0x08004375   Thumb Code   100  timers.o(.text)
    prvGetNextExpireTime                     0x080043d9   Thumb Code    40  timers.o(.text)
    prvTimerTask                             0x08004401   Thumb Code    26  timers.o(.text)
    prvCheckForValidListAndQueue             0x0800441b   Thumb Code    82  timers.o(.text)
    prvInitialiseNewTimer                    0x08004535   Thumb Code    72  timers.o(.text)
    .text                                    0x08004790   Section        0  uidiv.o(.text)
    .text                                    0x080047bc   Section        0  memcpya.o(.text)
    .text                                    0x080047e0   Section       36  init.o(.text)
    i.__0printf$3                            0x08004804   Section        0  printf3.o(i.__0printf$3)
    i.__ARM_common_switch8                   0x08004824   Section        0  tasks.o(i.__ARM_common_switch8)
    i.__scatterload_copy                     0x08004840   Section       14  handlers.o(i.__scatterload_copy)
    i.__scatterload_null                     0x0800484e   Section        2  handlers.o(i.__scatterload_null)
    i.__scatterload_zeroinit                 0x08004850   Section       14  handlers.o(i.__scatterload_zeroinit)
    i._printf_core                           0x08004860   Section        0  printf3.o(i._printf_core)
    _printf_core                             0x08004861   Thumb Code   456  printf3.o(i._printf_core)
    .constdata                               0x08004a2c   Section       16  system_n32g032.o(.constdata)
    .constdata                               0x08004a3c   Section       64  n32g032_rcc.o(.constdata)
    s_ApbAhbPresTable                        0x08004a3c   Data          16  n32g032_rcc.o(.constdata)
    s_AdcHclkPresTable                       0x08004a4c   Data          16  n32g032_rcc.o(.constdata)
    s_AdcPllClkPresTable                     0x08004a5c   Data          32  n32g032_rcc.o(.constdata)
    .conststring                             0x08004a7c   Section       78  usart.o(.conststring)
    .data                                    0x20000000   Section        4  system_n32g032.o(.data)
    .data                                    0x20000004   Section        8  main.o(.data)
    AppTaskCreate_Handle                     0x20000004   Data           4  main.o(.data)
    LED1_Task_Handle                         0x20000008   Data           4  main.o(.data)
    .data                                    0x2000000c   Section       24  heap_4.o(.data)
    xStart                                   0x2000000c   Data           8  heap_4.o(.data)
    pxEnd                                    0x20000014   Data           4  heap_4.o(.data)
    xFreeBytesRemaining                      0x20000018   Data           4  heap_4.o(.data)
    xMinimumEverFreeBytesRemaining           0x2000001c   Data           4  heap_4.o(.data)
    xBlockAllocatedBit                       0x20000020   Data           4  heap_4.o(.data)
    .data                                    0x20000024   Section        4  port.o(.data)
    uxCriticalNesting                        0x20000024   Data           4  port.o(.data)
    .data                                    0x20000028   Section       60  tasks.o(.data)
    pxDelayedTaskList                        0x2000002c   Data           4  tasks.o(.data)
    pxOverflowDelayedTaskList                0x20000030   Data           4  tasks.o(.data)
    uxDeletedTasksWaitingCleanUp             0x20000034   Data           4  tasks.o(.data)
    uxCurrentNumberOfTasks                   0x20000038   Data           4  tasks.o(.data)
    xTickCount                               0x2000003c   Data           4  tasks.o(.data)
    uxTopReadyPriority                       0x20000040   Data           4  tasks.o(.data)
    xSchedulerRunning                        0x20000044   Data           4  tasks.o(.data)
    uxPendedTicks                            0x20000048   Data           4  tasks.o(.data)
    xYieldPending                            0x2000004c   Data           4  tasks.o(.data)
    xNumOfOverflows                          0x20000050   Data           4  tasks.o(.data)
    uxTaskNumber                             0x20000054   Data           4  tasks.o(.data)
    xNextTaskUnblockTime                     0x20000058   Data           4  tasks.o(.data)
    xIdleTaskHandle                          0x2000005c   Data           4  tasks.o(.data)
    uxSchedulerSuspended                     0x20000060   Data           4  tasks.o(.data)
    .data                                    0x20000064   Section       20  timers.o(.data)
    pxCurrentTimerList                       0x20000064   Data           4  timers.o(.data)
    pxOverflowTimerList                      0x20000068   Data           4  timers.o(.data)
    xTimerQueue                              0x2000006c   Data           4  timers.o(.data)
    xTimerTaskHandle                         0x20000070   Data           4  timers.o(.data)
    xLastTime                                0x20000074   Data           4  timers.o(.data)
    .data                                    0x20000078   Section        4  stdout.o(.data)
    .bss                                     0x2000007c   Section     2896  main.o(.bss)
    AppTaskCreate_Stack                      0x2000007c   Data         512  main.o(.bss)
    LED1_Task_Stack                          0x2000027c   Data         512  main.o(.bss)
    AppTaskCreate_TCB                        0x2000047c   Data          84  main.o(.bss)
    LED1_Task_TCB                            0x200004d0   Data          84  main.o(.bss)
    Idle_Task_Stack                          0x20000524   Data         512  main.o(.bss)
    Timer_Task_Stack                         0x20000724   Data        1024  main.o(.bss)
    Idle_Task_TCB                            0x20000b24   Data          84  main.o(.bss)
    Timer_Task_TCB                           0x20000b78   Data          84  main.o(.bss)
    .bss                                     0x20000bcc   Section    10240  heap_4.o(.bss)
    ucHeap                                   0x20000bcc   Data       10240  heap_4.o(.bss)
    .bss                                     0x200033cc   Section       40  queue.o(.bss)
    .bss                                     0x200033f4   Section      740  tasks.o(.bss)
    pxReadyTasksLists                        0x200033f4   Data         640  tasks.o(.bss)
    xDelayedTaskList1                        0x20003674   Data          20  tasks.o(.bss)
    xDelayedTaskList2                        0x20003688   Data          20  tasks.o(.bss)
    xPendingReadyList                        0x2000369c   Data          20  tasks.o(.bss)
    xTasksWaitingTermination                 0x200036b0   Data          20  tasks.o(.bss)
    xSuspendedTaskList                       0x200036c4   Data          20  tasks.o(.bss)
    .bss                                     0x200036d8   Section      276  timers.o(.bss)
    xActiveTimerList1                        0x200036d8   Data          20  timers.o(.bss)
    xActiveTimerList2                        0x200036ec   Data          20  timers.o(.bss)
    xStaticTimerQueue                        0x20003700   Data          76  timers.o(.bss)
    ucStaticTimerQueueStorage                0x2000374c   Data         160  timers.o(.bss)
    STACK                                    0x200037f0   Section     1024  startup_n32g032.o(STACK)

    Global Symbols

    Symbol Name                              Value     Ov Type        Size  Object(Section)

    BuildAttributes$$THM_ISAv3M$S$PE$A:L22$X:L11$S22$IEEE1$IW$USESV6$~STKCKD$USESV7$~SHL$OSPACE$ROPI$EBA8$MICROLIB$REQ8$PRES8$EABIv2 0x00000000   Number         0  anon$$obj.o ABSOLUTE
    __ARM_use_no_argv                        0x00000000   Number         0  main.o ABSOLUTE
    _printf_a                                0x00000000   Number         0  stubs.o ABSOLUTE
    _printf_c                                0x00000000   Number         0  stubs.o ABSOLUTE
    _printf_charcount                        0x00000000   Number         0  stubs.o ABSOLUTE
    _printf_d                                0x00000000   Number         0  stubs.o ABSOLUTE
    _printf_e                                0x00000000   Number         0  stubs.o ABSOLUTE
    _printf_f                                0x00000000   Number         0  stubs.o ABSOLUTE
    _printf_flags                            0x00000000   Number         0  stubs.o ABSOLUTE
    _printf_fp_dec                           0x00000000   Number         0  stubs.o ABSOLUTE
    _printf_fp_hex                           0x00000000   Number         0  stubs.o ABSOLUTE
    _printf_g                                0x00000000   Number         0  stubs.o ABSOLUTE
    _printf_i                                0x00000000   Number         0  stubs.o ABSOLUTE
    _printf_int_dec                          0x00000000   Number         0  stubs.o ABSOLUTE
    _printf_l                                0x00000000   Number         0  stubs.o ABSOLUTE
    _printf_lc                               0x00000000   Number         0  stubs.o ABSOLUTE
    _printf_ll                               0x00000000   Number         0  stubs.o ABSOLUTE
    _printf_lld                              0x00000000   Number         0  stubs.o ABSOLUTE
    _printf_lli                              0x00000000   Number         0  stubs.o ABSOLUTE
    _printf_llo                              0x00000000   Number         0  stubs.o ABSOLUTE
    _printf_llu                              0x00000000   Number         0  stubs.o ABSOLUTE
    _printf_llx                              0x00000000   Number         0  stubs.o ABSOLUTE
    _printf_longlong_dec                     0x00000000   Number         0  stubs.o ABSOLUTE
    _printf_longlong_hex                     0x00000000   Number         0  stubs.o ABSOLUTE
    _printf_longlong_oct                     0x00000000   Number         0  stubs.o ABSOLUTE
    _printf_ls                               0x00000000   Number         0  stubs.o ABSOLUTE
    _printf_mbtowc                           0x00000000   Number         0  stubs.o ABSOLUTE
    _printf_n                                0x00000000   Number         0  stubs.o ABSOLUTE
    _printf_o                                0x00000000   Number         0  stubs.o ABSOLUTE
    _printf_p                                0x00000000   Number         0  stubs.o ABSOLUTE
    _printf_percent                          0x00000000   Number         0  stubs.o ABSOLUTE
    _printf_pre_padding                      0x00000000   Number         0  stubs.o ABSOLUTE
    _printf_return_value                     0x00000000   Number         0  stubs.o ABSOLUTE
    _printf_s                                0x00000000   Number         0  stubs.o ABSOLUTE
    _printf_sizespec                         0x00000000   Number         0  stubs.o ABSOLUTE
    _printf_str                              0x00000000   Number         0  stubs.o ABSOLUTE
    _printf_truncate_signed                  0x00000000   Number         0  stubs.o ABSOLUTE
    _printf_truncate_unsigned                0x00000000   Number         0  stubs.o ABSOLUTE
    _printf_u                                0x00000000   Number         0  stubs.o ABSOLUTE
    _printf_wc                               0x00000000   Number         0  stubs.o ABSOLUTE
    _printf_wctomb                           0x00000000   Number         0  stubs.o ABSOLUTE
    _printf_widthprec                        0x00000000   Number         0  stubs.o ABSOLUTE
    _printf_x                                0x00000000   Number         0  stubs.o ABSOLUTE
    __cpp_initialize__aeabi_                  - Undefined Weak Reference
    __cxa_finalize                            - Undefined Weak Reference
    __decompress                              - Undefined Weak Reference
    _clock_init                               - Undefined Weak Reference
    _microlib_exit                            - Undefined Weak Reference
    __Vectors_Size                           0x000000c0   Number         0  startup_n32g032.o ABSOLUTE
    __Vectors                                0x08000000   Data           4  startup_n32g032.o(RESET)
    __Vectors_End                            0x080000c0   Data           0  startup_n32g032.o(RESET)
    __main                                   0x080000c1   Thumb Code     0  entry.o(.ARM.Collect$$$$00000000)
    _main_stk                                0x080000c1   Thumb Code     0  entry2.o(.ARM.Collect$$$$00000001)
    _main_scatterload                        0x080000c5   Thumb Code     0  entry5.o(.ARM.Collect$$$$00000004)
    __main_after_scatterload                 0x080000c9   Thumb Code     0  entry5.o(.ARM.Collect$$$$00000004)
    _main_clock                              0x080000c9   Thumb Code     0  entry7b.o(.ARM.Collect$$$$00000008)
    _main_cpp_init                           0x080000c9   Thumb Code     0  entry8b.o(.ARM.Collect$$$$0000000A)
    _main_init                               0x080000c9   Thumb Code     0  entry9a.o(.ARM.Collect$$$$0000000B)
    __rt_final_cpp                           0x080000d1   Thumb Code     0  entry10a.o(.ARM.Collect$$$$0000000D)
    __rt_final_exit                          0x080000d1   Thumb Code     0  entry11a.o(.ARM.Collect$$$$0000000F)
    __asm___6_port_c_39a90d8d__prvPortStartFirstTask 0x080000d5   Thumb Code    36  port.o(.emb_text)
    ulSetInterruptMaskFromISR                0x080000fd   Thumb Code     8  port.o(.emb_text)
    vClearInterruptMaskFromISR               0x08000105   Thumb Code     6  port.o(.emb_text)
    PendSV_Handler                           0x0800010b   Thumb Code    62  port.o(.emb_text)
    SystemInit                               0x0800023f   Thumb Code   128  system_n32g032.o(.text)
    SystemCoreClockUpdate                    0x080002bf   Thumb Code   232  system_n32g032.o(.text)
    Reset_Handler                            0x080003d9   Thumb Code     8  startup_n32g032.o(.text)
    ADC_IRQHandler                           0x080003eb   Thumb Code     0  startup_n32g032.o(.text)
    CAN_IRQHandler                           0x080003eb   Thumb Code     0  startup_n32g032.o(.text)
    COMP1_2_3_IRQHandler                     0x080003eb   Thumb Code     0  startup_n32g032.o(.text)
    DMA_Channel1_2_3_4_IRQHandler            0x080003eb   Thumb Code     0  startup_n32g032.o(.text)
    DMA_Channel5_6_7_8_IRQHandler            0x080003eb   Thumb Code     0  startup_n32g032.o(.text)
    EXTI0_1_IRQHandler                       0x080003eb   Thumb Code     0  startup_n32g032.o(.text)
    EXTI2_3_IRQHandler                       0x080003eb   Thumb Code     0  startup_n32g032.o(.text)
    EXTI4_15_IRQHandler                      0x080003eb   Thumb Code     0  startup_n32g032.o(.text)
    FLASH_IRQHandler                         0x080003eb   Thumb Code     0  startup_n32g032.o(.text)
    HDIV_SQRT_IRQHandler                     0x080003eb   Thumb Code     0  startup_n32g032.o(.text)
    I2C1_IRQHandler                          0x080003eb   Thumb Code     0  startup_n32g032.o(.text)
    I2C2_IRQHandler                          0x080003eb   Thumb Code     0  startup_n32g032.o(.text)
    LPTIM_TIM6_IRQHandler                    0x080003eb   Thumb Code     0  startup_n32g032.o(.text)
    LPUART1_2_IRQHandler                     0x080003eb   Thumb Code     0  startup_n32g032.o(.text)
    MMU_IRQHandler                           0x080003eb   Thumb Code     0  startup_n32g032.o(.text)
    PVD_IRQHandler                           0x080003eb   Thumb Code     0  startup_n32g032.o(.text)
    RAMC_PERR_IRQHandler                     0x080003eb   Thumb Code     0  startup_n32g032.o(.text)
    RCC_IRQHandler                           0x080003eb   Thumb Code     0  startup_n32g032.o(.text)
    RTC_IRQHandler                           0x080003eb   Thumb Code     0  startup_n32g032.o(.text)
    SAC_IRQHandler                           0x080003eb   Thumb Code     0  startup_n32g032.o(.text)
    SPI1_IRQHandler                          0x080003eb   Thumb Code     0  startup_n32g032.o(.text)
    SPI2_3_IRQHandler                        0x080003eb   Thumb Code     0  startup_n32g032.o(.text)
    TIM1_BRK_UP_TRG_COM_IRQHandler           0x080003eb   Thumb Code     0  startup_n32g032.o(.text)
    TIM1_CC_IRQHandler                       0x080003eb   Thumb Code     0  startup_n32g032.o(.text)
    TIM3_IRQHandler                          0x080003eb   Thumb Code     0  startup_n32g032.o(.text)
    TIM4_IRQHandler                          0x080003eb   Thumb Code     0  startup_n32g032.o(.text)
    TIM8_BRK_UP_TRG_COM_IRQHandler           0x080003eb   Thumb Code     0  startup_n32g032.o(.text)
    TIM8_CC_IRQHandler                       0x080003eb   Thumb Code     0  startup_n32g032.o(.text)
    TSC_IRQHandler                           0x080003eb   Thumb Code     0  startup_n32g032.o(.text)
    UART5_6_IRQHandler                       0x080003eb   Thumb Code     0  startup_n32g032.o(.text)
    USART1_2_IRQHandler                      0x080003eb   Thumb Code     0  startup_n32g032.o(.text)
    WWDG_IRQHandler                          0x080003eb   Thumb Code     0  startup_n32g032.o(.text)
    RCC_Configuration                        0x080003f5   Thumb Code    20  usart.o(.text)
    GPIO_Configuration                       0x08000409   Thumb Code    54  usart.o(.text)
    fputc                                    0x0800043f   Thumb Code    32  usart.o(.text)
    usart_init                               0x0800045f   Thumb Code    66  usart.o(.text)
    key_init                                 0x080004ad   Thumb Code    42  key.o(.text)
    LED_init                                 0x080004dd   Thumb Code    56  led.o(.text)
    NVIC_PriorityGroupConfig                 0x08000519   Thumb Code    10  misc.o(.text)
    NVIC_Init                                0x08000523   Thumb Code   114  misc.o(.text)
    NVIC_SetVectorTable                      0x08000595   Thumb Code     2  misc.o(.text)
    NVIC_SystemLPConfig                      0x08000597   Thumb Code    28  misc.o(.text)
    SysTick_CLKSourceConfig                  0x080005b3   Thumb Code    32  misc.o(.text)
    GPIO_DeInit                              0x080005e5   Thumb Code   130  n32g032_gpio.o(.text)
    GPIO_DeInitPin                           0x08000667   Thumb Code   250  n32g032_gpio.o(.text)
    GPIO_AFIOInitDefault                     0x08000761   Thumb Code    20  n32g032_gpio.o(.text)
    GPIO_InitPeripheral                      0x08000775   Thumb Code   454  n32g032_gpio.o(.text)
    GPIO_InitStruct                          0x0800093b   Thumb Code    24  n32g032_gpio.o(.text)
    GPIO_ReadInputDataBit                    0x08000953   Thumb Code    20  n32g032_gpio.o(.text)
    GPIO_ReadInputData                       0x08000967   Thumb Code     8  n32g032_gpio.o(.text)
    GPIO_ReadOutputDataBit                   0x0800096f   Thumb Code    20  n32g032_gpio.o(.text)
    GPIO_ReadOutputData                      0x08000983   Thumb Code     8  n32g032_gpio.o(.text)
    GPIO_SetBits                             0x0800098b   Thumb Code     4  n32g032_gpio.o(.text)
    GPIO_ResetBits                           0x0800098f   Thumb Code     4  n32g032_gpio.o(.text)
    GPIO_WriteBit                            0x08000993   Thumb Code    12  n32g032_gpio.o(.text)
    GPIO_Write                               0x0800099f   Thumb Code     4  n32g032_gpio.o(.text)
    GPIO_TogglePin                           0x080009a3   Thumb Code     8  n32g032_gpio.o(.text)
    GPIO_ConfigPinLock                       0x080009ab   Thumb Code    22  n32g032_gpio.o(.text)
    GPIO_ConfigEXTILine                      0x080009c1   Thumb Code    92  n32g032_gpio.o(.text)
    GPIO_ConfigPinRemap                      0x08000a1d   Thumb Code    36  n32g032_gpio.o(.text)
    AFIO_EnableI2CLV                         0x08000a41   Thumb Code    36  n32g032_gpio.o(.text)
    AFIO_ConfigSPINSSMode                    0x08000a65   Thumb Code    36  n32g032_gpio.o(.text)
    AFIO_EnableTscOut                        0x08000a89   Thumb Code    44  n32g032_gpio.o(.text)
    AFIO_ConfigADCExternalTrigRemap          0x08000ab5   Thumb Code    86  n32g032_gpio.o(.text)
    RCC_DeInit                               0x08000b11   Thumb Code    76  n32g032_rcc.o(.text)
    RCC_ConfigHse                            0x08000b5d   Thumb Code   106  n32g032_rcc.o(.text)
    RCC_GetFlagStatus                        0x08000bc7   Thumb Code    58  n32g032_rcc.o(.text)
    RCC_WaitHseStable                        0x08000c01   Thumb Code    60  n32g032_rcc.o(.text)
    RCC_ConfigHsi                            0x08000c3d   Thumb Code    36  n32g032_rcc.o(.text)
    RCC_WaitHsiStable                        0x08000c61   Thumb Code    60  n32g032_rcc.o(.text)
    RCC_SetHsiCalibValue                     0x08000c9d   Thumb Code    26  n32g032_rcc.o(.text)
    RCC_EnableHsi                            0x08000cb7   Thumb Code    32  n32g032_rcc.o(.text)
    RCC_ConfigPll                            0x08000cd7   Thumb Code   106  n32g032_rcc.o(.text)
    RCC_EnablePll                            0x08000d41   Thumb Code    34  n32g032_rcc.o(.text)
    RCC_EnablePllClockOut                    0x08000d63   Thumb Code    34  n32g032_rcc.o(.text)
    RCC_ConfigSysclk                         0x08000d85   Thumb Code    24  n32g032_rcc.o(.text)
    RCC_GetSysclkSrc                         0x08000d9d   Thumb Code    10  n32g032_rcc.o(.text)
    RCC_ConfigHclk                           0x08000da7   Thumb Code    28  n32g032_rcc.o(.text)
    RCC_ConfigPclk1                          0x08000dc3   Thumb Code    30  n32g032_rcc.o(.text)
    RCC_ConfigPclk2                          0x08000de1   Thumb Code    28  n32g032_rcc.o(.text)
    RCC_ConfigInt                            0x08000dfd   Thumb Code    32  n32g032_rcc.o(.text)
    RCC_ConfigTim18Clk                       0x08000e1d   Thumb Code    24  n32g032_rcc.o(.text)
    RCC_ConfigRngcClk                        0x08000e35   Thumb Code    46  n32g032_rcc.o(.text)
    RCC_ConfigAdc1mClk                       0x08000e63   Thumb Code    46  n32g032_rcc.o(.text)
    RCC_ConfigAdcPllClk                      0x08000e91   Thumb Code    48  n32g032_rcc.o(.text)
    RCC_ConfigAdcHclk                        0x08000ec1   Thumb Code    24  n32g032_rcc.o(.text)
    RCC_ConfigLPTIMClk                       0x08000ed9   Thumb Code    60  n32g032_rcc.o(.text)
    RCC_GetLPTIMClkSrc                       0x08000f15   Thumb Code    12  n32g032_rcc.o(.text)
    RCC_ConfigLPUARTClk                      0x08000f21   Thumb Code    60  n32g032_rcc.o(.text)
    RCC_GetLPUARTClkSrc                      0x08000f5d   Thumb Code    34  n32g032_rcc.o(.text)
    RCC_ConfigLse                            0x08000f7f   Thumb Code    56  n32g032_rcc.o(.text)
    RCC_EnableLsi                            0x08000fb7   Thumb Code    32  n32g032_rcc.o(.text)
    RCC_ConfigRtcClk                         0x08000fd7   Thumb Code    22  n32g032_rcc.o(.text)
    RCC_GetRTCClkSrc                         0x08000fed   Thumb Code    10  n32g032_rcc.o(.text)
    RCC_EnableRtcClk                         0x08000ff7   Thumb Code    32  n32g032_rcc.o(.text)
    RCC_EnableRTCReset                       0x08001017   Thumb Code    36  n32g032_rcc.o(.text)
    RCC_ConfigLPRUNClk                       0x0800103b   Thumb Code    24  n32g032_rcc.o(.text)
    RCC_GetLPRUNClkSrc                       0x08001053   Thumb Code    12  n32g032_rcc.o(.text)
    RCC_ConfigTSCClk                         0x0800105f   Thumb Code    24  n32g032_rcc.o(.text)
    RCC_GetTSCClkSrc                         0x08001077   Thumb Code    12  n32g032_rcc.o(.text)
    RCC_GetClocksFreqValue                   0x08001083   Thumb Code   354  n32g032_rcc.o(.text)
    RCC_EnableAHBPeriphClk                   0x080011e5   Thumb Code    28  n32g032_rcc.o(.text)
    RCC_EnableAPB2PeriphClk                  0x08001201   Thumb Code    28  n32g032_rcc.o(.text)
    RCC_EnableAPB1PeriphClk                  0x0800121d   Thumb Code    28  n32g032_rcc.o(.text)
    RCC_EnableAHBPeriphReset                 0x08001239   Thumb Code    28  n32g032_rcc.o(.text)
    RCC_EnableAPB2PeriphReset                0x08001255   Thumb Code    28  n32g032_rcc.o(.text)
    RCC_EnableAPB1PeriphReset                0x08001271   Thumb Code    28  n32g032_rcc.o(.text)
    RCC_EnableClockSecuritySystem            0x0800128d   Thumb Code    36  n32g032_rcc.o(.text)
    RCC_ConfigMcoClkPre                      0x080012b1   Thumb Code    24  n32g032_rcc.o(.text)
    RCC_ConfigMco                            0x080012c9   Thumb Code    28  n32g032_rcc.o(.text)
    RCC_ClrFlag                              0x080012e5   Thumb Code    56  n32g032_rcc.o(.text)
    RCC_GetIntStatus                         0x0800131d   Thumb Code    22  n32g032_rcc.o(.text)
    RCC_ClrIntPendingBit                     0x08001333   Thumb Code    12  n32g032_rcc.o(.text)
    RCC_EnableRAMCParityErrorReset           0x0800133f   Thumb Code    34  n32g032_rcc.o(.text)
    USART_DeInit                             0x08001365   Thumb Code   108  n32g032_usart.o(.text)
    USART_Init                               0x080013d1   Thumb Code   168  n32g032_usart.o(.text)
    USART_StructInit                         0x08001479   Thumb Code    24  n32g032_usart.o(.text)
    USART_ClockInit                          0x08001491   Thumb Code    32  n32g032_usart.o(.text)
    USART_ClockStructInit                    0x080014b1   Thumb Code    12  n32g032_usart.o(.text)
    USART_Enable                             0x080014bd   Thumb Code    26  n32g032_usart.o(.text)
    USART_ConfigInt                          0x080014d7   Thumb Code    80  n32g032_usart.o(.text)
    USART_EnableDMA                          0x08001527   Thumb Code    20  n32g032_usart.o(.text)
    USART_SetAddr                            0x0800153b   Thumb Code    16  n32g032_usart.o(.text)
    USART_ConfigWakeUpMode                   0x0800154b   Thumb Code    16  n32g032_usart.o(.text)
    USART_EnableRcvWakeUp                    0x0800155b   Thumb Code    26  n32g032_usart.o(.text)
    USART_ConfigLINBreakDetectLength         0x08001575   Thumb Code    18  n32g032_usart.o(.text)
    USART_EnableLIN                          0x08001587   Thumb Code    26  n32g032_usart.o(.text)
    USART_SendData                           0x080015a1   Thumb Code     8  n32g032_usart.o(.text)
    USART_ReceiveData                        0x080015a9   Thumb Code    10  n32g032_usart.o(.text)
    USART_SendBreak                          0x080015b3   Thumb Code    10  n32g032_usart.o(.text)
    USART_SetGuardTime                       0x080015bd   Thumb Code    16  n32g032_usart.o(.text)
    USART_SetPrescaler                       0x080015cd   Thumb Code    18  n32g032_usart.o(.text)
    USART_EnableSmartCard                    0x080015df   Thumb Code    26  n32g032_usart.o(.text)
    USART_SetSmartCardNACK                   0x080015f9   Thumb Code    26  n32g032_usart.o(.text)
    USART_EnableHalfDuplex                   0x08001613   Thumb Code    26  n32g032_usart.o(.text)
    USART_ConfigIrDAMode                     0x0800162d   Thumb Code    18  n32g032_usart.o(.text)
    USART_EnableIrDA                         0x0800163f   Thumb Code    26  n32g032_usart.o(.text)
    USART_GetFlagStatus                      0x08001659   Thumb Code    30  n32g032_usart.o(.text)
    USART_ClrFlag                            0x08001677   Thumb Code    22  n32g032_usart.o(.text)
    USART_GetIntStatus                       0x0800168d   Thumb Code    86  n32g032_usart.o(.text)
    USART_ClrIntPendingBit                   0x080016e3   Thumb Code    28  n32g032_usart.o(.text)
    vApplicationGetIdleTaskMemory            0x0800174d   Thumb Code    14  main.o(.text)
    vApplicationGetTimerTaskMemory           0x0800175b   Thumb Code    16  main.o(.text)
    main                                     0x080017df   Thumb Code    50  main.o(.text)
    NMI_Handler                              0x080018ed   Thumb Code     2  n32g032_it.o(.text)
    HardFault_Handler                        0x080018ef   Thumb Code     4  n32g032_it.o(.text)
    DMA_IRQ_HANDLER                          0x080018f3   Thumb Code     2  n32g032_it.o(.text)
    SysTick_Handler                          0x080018f5   Thumb Code     8  n32g032_it.o(.text)
    pvPortMalloc                             0x080019c1   Thumb Code   278  heap_4.o(.text)
    vPortFree                                0x08001ad7   Thumb Code   132  heap_4.o(.text)
    xPortGetFreeHeapSize                     0x08001b5b   Thumb Code     6  heap_4.o(.text)
    xPortGetMinimumEverFreeHeapSize          0x08001b61   Thumb Code     6  heap_4.o(.text)
    vPortInitialiseBlocks                    0x08001b67   Thumb Code     2  heap_4.o(.text)
    pxPortInitialiseStack                    0x08001bd5   Thumb Code    26  port.o(.text)
    SVC_Handler                              0x08001bef   Thumb Code     2  port.o(.text)
    xPortStartScheduler                      0x08001c0b   Thumb Code    48  port.o(.text)
    vPortEndScheduler                        0x08001c3b   Thumb Code    36  port.o(.text)
    vPortYield                               0x08001c5f   Thumb Code    18  port.o(.text)
    vPortEnterCritical                       0x08001c71   Thumb Code    22  port.o(.text)
    vPortExitCritical                        0x08001c87   Thumb Code    42  port.o(.text)
    xPortSysTickHandler                      0x08001cb1   Thumb Code    32  port.o(.text)
    vListInitialise                          0x08001d19   Thumb Code    26  list.o(.text)
    vListInitialiseItem                      0x08001d33   Thumb Code     6  list.o(.text)
    vListInsertEnd                           0x08001d39   Thumb Code    24  list.o(.text)
    vListInsert                              0x08001d51   Thumb Code    54  list.o(.text)
    uxListRemove                             0x08001d87   Thumb Code    40  list.o(.text)
    xQueueGenericReset                       0x08001db1   Thumb Code   136  queue.o(.text)
    xQueueGenericCreateStatic                0x08001e5f   Thumb Code   188  queue.o(.text)
    xQueueGenericCreate                      0x08001f1b   Thumb Code    92  queue.o(.text)
    xQueueGenericSend                        0x0800213f   Thumb Code   444  queue.o(.text)
    xQueueCreateMutex                        0x08002319   Thumb Code    30  queue.o(.text)
    xQueueCreateMutexStatic                  0x08002337   Thumb Code    38  queue.o(.text)
    xQueueGiveMutexRecursive                 0x0800235d   Thumb Code    68  queue.o(.text)
    xQueueGenericReceive                     0x080023e9   Thumb Code   418  queue.o(.text)
    xQueueTakeMutexRecursive                 0x0800258b   Thumb Code    86  queue.o(.text)
    xQueueCreateCountingSemaphoreStatic      0x080025e1   Thumb Code    90  queue.o(.text)
    xQueueCreateCountingSemaphore            0x0800263b   Thumb Code    84  queue.o(.text)
    xQueueGenericSendFromISR                 0x0800268f   Thumb Code   238  queue.o(.text)
    xQueueGiveFromISR                        0x0800277d   Thumb Code   222  queue.o(.text)
    xQueueReceiveFromISR                     0x0800285b   Thumb Code   172  queue.o(.text)
    xQueuePeekFromISR                        0x08002907   Thumb Code   132  queue.o(.text)
    uxQueueMessagesWaiting                   0x0800298b   Thumb Code    36  queue.o(.text)
    uxQueueSpacesAvailable                   0x080029af   Thumb Code    58  queue.o(.text)
    uxQueueMessagesWaitingFromISR            0x080029e9   Thumb Code    26  queue.o(.text)
    vQueueUnregisterQueue                    0x08002a03   Thumb Code    46  queue.o(.text)
    vQueueDelete                             0x08002a31   Thumb Code    46  queue.o(.text)
    xQueueIsQueueEmptyFromISR                0x08002a5f   Thumb Code    36  queue.o(.text)
    xQueueIsQueueFullFromISR                 0x08002a83   Thumb Code    40  queue.o(.text)
    vQueueAddToRegistry                      0x08002aab   Thumb Code    40  queue.o(.text)
    pcQueueGetName                           0x08002ad3   Thumb Code    38  queue.o(.text)
    vQueueWaitForMessageRestricted           0x08002af9   Thumb Code    76  queue.o(.text)
    xQueueCreateSet                          0x08002b45   Thumb Code    20  queue.o(.text)
    xQueueAddToSet                           0x08002b59   Thumb Code    42  queue.o(.text)
    xQueueRemoveFromSet                      0x08002b83   Thumb Code    46  queue.o(.text)
    xQueueSelectFromSet                      0x08002bb1   Thumb Code    26  queue.o(.text)
    xQueueSelectFromSetFromISR               0x08002bcb   Thumb Code    22  queue.o(.text)
    xTaskCreateStatic                        0x08002d69   Thumb Code   120  tasks.o(.text)
    xTaskCreate                              0x08002de1   Thumb Code    98  tasks.o(.text)
    vTaskDelete                              0x08002eb9   Thumb Code   154  tasks.o(.text)
    xTaskIncrementTick                       0x08002f53   Thumb Code   404  tasks.o(.text)
    xTaskResumeAll                           0x080030e7   Thumb Code   214  tasks.o(.text)
    vTaskSuspendAll                          0x08003221   Thumb Code    12  tasks.o(.text)
    vTaskDelayUntil                          0x0800322d   Thumb Code   168  tasks.o(.text)
    vTaskDelay                               0x080032d5   Thumb Code    70  tasks.o(.text)
    eTaskGetState                            0x0800331b   Thumb Code   106  tasks.o(.text)
    uxTaskPriorityGet                        0x08003385   Thumb Code    32  tasks.o(.text)
    uxTaskPriorityGetFromISR                 0x080033a5   Thumb Code    36  tasks.o(.text)
    vTaskPrioritySet                         0x080033c9   Thumb Code   288  tasks.o(.text)
    vTaskSwitchContext                       0x080034e9   Thumb Code   116  tasks.o(.text)
    vTaskSuspend                             0x0800355d   Thumb Code   152  tasks.o(.text)
    vTaskResume                              0x08003649   Thumb Code   110  tasks.o(.text)
    xTaskResumeFromISR                       0x080036b7   Thumb Code   124  tasks.o(.text)
    vTaskStartScheduler                      0x080037a1   Thumb Code   136  tasks.o(.text)
    vTaskEndScheduler                        0x08003829   Thumb Code    16  tasks.o(.text)
    xTaskGetTickCount                        0x08003839   Thumb Code     6  tasks.o(.text)
    xTaskGetTickCountFromISR                 0x0800383f   Thumb Code     8  tasks.o(.text)
    uxTaskGetNumberOfTasks                   0x08003847   Thumb Code     6  tasks.o(.text)
    pcTaskGetName                            0x0800384d   Thumb Code    40  tasks.o(.text)
    vTaskPlaceOnEventList                    0x08003875   Thumb Code   138  tasks.o(.text)
    vTaskPlaceOnUnorderedEventList           0x080038ff   Thumb Code    90  tasks.o(.text)
    vTaskPlaceOnEventListRestricted          0x08003959   Thumb Code    56  tasks.o(.text)
    xTaskRemoveFromEventList                 0x08003991   Thumb Code   120  tasks.o(.text)
    xTaskRemoveFromUnorderedEventList        0x08003a09   Thumb Code   138  tasks.o(.text)
    vTaskSetTimeOutState                     0x08003a93   Thumb Code    36  tasks.o(.text)
    xTaskCheckForTimeOut                     0x08003ab7   Thumb Code   122  tasks.o(.text)
    vTaskMissedYield                         0x08003b31   Thumb Code     8  tasks.o(.text)
    xTaskGetCurrentTaskHandle                0x08003b39   Thumb Code     6  tasks.o(.text)
    xTaskGetSchedulerState                   0x08003b3f   Thumb Code    28  tasks.o(.text)
    vTaskPriorityInherit                     0x08003b5b   Thumb Code   128  tasks.o(.text)
    xTaskPriorityDisinherit                  0x08003bdb   Thumb Code   138  tasks.o(.text)
    uxTaskResetEventItemValue                0x08003c65   Thumb Code    24  tasks.o(.text)
    pvTaskIncrementMutexHeldCount            0x08003c7d   Thumb Code    28  tasks.o(.text)
    ulTaskNotifyTake                         0x08003c99   Thumb Code   152  tasks.o(.text)
    xTaskNotifyWait                          0x08003d31   Thumb Code   138  tasks.o(.text)
    xTaskGenericNotify                       0x08003dbb   Thumb Code   214  tasks.o(.text)
    xTaskGenericNotifyFromISR                0x08003e91   Thumb Code   256  tasks.o(.text)
    vTaskNotifyGiveFromISR                   0x08003f91   Thumb Code   172  tasks.o(.text)
    xTaskNotifyStateClear                    0x0800403d   Thumb Code    50  tasks.o(.text)
    xTimerGenericCommand                     0x080040e1   Thumb Code   116  timers.o(.text)
    xTimerCreateTimerTask                    0x0800446d   Thumb Code   200  timers.o(.text)
    xTimerCreate                             0x0800457d   Thumb Code    50  timers.o(.text)
    xTimerCreateStatic                       0x080045af   Thumb Code    98  timers.o(.text)
    xTimerGetTimerDaemonTaskHandle           0x08004611   Thumb Code    40  timers.o(.text)
    xTimerGetPeriod                          0x08004639   Thumb Code    28  timers.o(.text)
    xTimerGetExpiryTime                      0x08004655   Thumb Code    30  timers.o(.text)
    pcTimerGetName                           0x08004673   Thumb Code    28  timers.o(.text)
    xTimerIsTimerActive                      0x0800468f   Thumb Code    52  timers.o(.text)
    pvTimerGetTimerID                        0x080046c3   Thumb Code    38  timers.o(.text)
    vTimerSetTimerID                         0x080046e9   Thumb Code    38  timers.o(.text)
    xTimerPendFunctionCallFromISR            0x0800470f   Thumb Code    46  timers.o(.text)
    xTimerPendFunctionCall                   0x0800473d   Thumb Code    68  timers.o(.text)
    __aeabi_uidiv                            0x08004791   Thumb Code     0  uidiv.o(.text)
    __aeabi_uidivmod                         0x08004791   Thumb Code    44  uidiv.o(.text)
    __aeabi_memcpy                           0x080047bd   Thumb Code    36  memcpya.o(.text)
    __aeabi_memcpy4                          0x080047bd   Thumb Code     0  memcpya.o(.text)
    __aeabi_memcpy8                          0x080047bd   Thumb Code     0  memcpya.o(.text)
    __scatterload                            0x080047e1   Thumb Code    28  init.o(.text)
    __scatterload_rt2                        0x080047e1   Thumb Code     0  init.o(.text)
    __0printf$3                              0x08004805   Thumb Code    24  printf3.o(i.__0printf$3)
    __1printf$3                              0x08004805   Thumb Code     0  printf3.o(i.__0printf$3)
    __2printf                                0x08004805   Thumb Code     0  printf3.o(i.__0printf$3)
    __ARM_common_switch8                     0x08004825   Thumb Code    28  tasks.o(i.__ARM_common_switch8)
    __scatterload_copy                       0x08004841   Thumb Code    14  handlers.o(i.__scatterload_copy)
    __scatterload_null                       0x0800484f   Thumb Code     2  handlers.o(i.__scatterload_null)
    __scatterload_zeroinit                   0x08004851   Thumb Code    14  handlers.o(i.__scatterload_zeroinit)
    AHBPrescTable                            0x08004a2c   Data          16  system_n32g032.o(.constdata)
    Region$$Table$$Base                      0x08004acc   Number         0  anon$$obj.o(Region$$Table)
    Region$$Table$$Limit                     0x08004aec   Number         0  anon$$obj.o(Region$$Table)
    SystemCoreClock                          0x20000000   Data           4  system_n32g032.o(.data)
    pxCurrentTCB                             0x20000028   Data           4  tasks.o(.data)
    __stdout                                 0x20000078   Data           4  stdout.o(.data)
    xQueueRegistry                           0x200033cc   Data          40  queue.o(.bss)
    __initial_sp                             0x20003bf0   Data           0  startup_n32g032.o(STACK)



==============================================================================

Memory Map of the image

  Image Entry point : 0x080000c1

  Load Region LR_IROM1 (Base: 0x08000000, Size: 0x00004b68, Max: 0x00010000, ABSOLUTE)

    Execution Region ER_IROM1 (Exec base: 0x08000000, Load base: 0x08000000, Size: 0x00004aec, Max: 0x00010000, ABSOLUTE)

    Exec Addr    Load Addr    Size         Type   Attr      Idx    E Section Name        Object

    0x08000000   0x08000000   0x000000c0   Data   RO          177    RESET               startup_n32g032.o
    0x080000c0   0x080000c0   0x00000000   Code   RO          615  * .ARM.Collect$$$$00000000  mc_p.l(entry.o)
    0x080000c0   0x080000c0   0x00000004   Code   RO          887    .ARM.Collect$$$$00000001  mc_p.l(entry2.o)
    0x080000c4   0x080000c4   0x00000004   Code   RO          890    .ARM.Collect$$$$00000004  mc_p.l(entry5.o)
    0x080000c8   0x080000c8   0x00000000   Code   RO          892    .ARM.Collect$$$$00000008  mc_p.l(entry7b.o)
    0x080000c8   0x080000c8   0x00000000   Code   RO          894    .ARM.Collect$$$$0000000A  mc_p.l(entry8b.o)
    0x080000c8   0x080000c8   0x00000008   Code   RO          895    .ARM.Collect$$$$0000000B  mc_p.l(entry9a.o)
    0x080000d0   0x080000d0   0x00000000   Code   RO          897    .ARM.Collect$$$$0000000D  mc_p.l(entry10a.o)
    0x080000d0   0x080000d0   0x00000000   Code   RO          899    .ARM.Collect$$$$0000000F  mc_p.l(entry11a.o)
    0x080000d0   0x080000d0   0x00000004   Code   RO          888    .ARM.Collect$$$$00002712  mc_p.l(entry2.o)
    0x080000d4   0x080000d4   0x00000078   Code   RO          491    .emb_text           port.o
    0x0800014c   0x0800014c   0x0000028c   Code   RO          129    .text               system_n32g032.o
    0x080003d8   0x080003d8   0x0000001c   Code   RO          178    .text               startup_n32g032.o
    0x080003f4   0x080003f4   0x000000b8   Code   RO          183    .text               usart.o
    0x080004ac   0x080004ac   0x00000030   Code   RO          210    .text               key.o
    0x080004dc   0x080004dc   0x0000003c   Code   RO          229    .text               led.o
    0x08000518   0x08000518   0x000000cc   Code   RO          248    .text               misc.o
    0x080005e4   0x080005e4   0x0000052c   Code   RO          296    .text               n32g032_gpio.o
    0x08000b10   0x08000b10   0x00000854   Code   RO          328    .text               n32g032_rcc.o
    0x08001364   0x08001364   0x000003d0   Code   RO          362    .text               n32g032_usart.o
    0x08001734   0x08001734   0x000001b8   Code   RO          378    .text               main.o
    0x080018ec   0x080018ec   0x00000010   Code   RO          445    .text               n32g032_it.o
    0x080018fc   0x080018fc   0x000002b4   Code   RO          463    .text               heap_4.o
    0x08001bb0   0x08001bb0   0x00000168   Code   RO          492    .text               port.o
    0x08001d18   0x08001d18   0x00000096   Code   RO          542    .text               list.o
    0x08001dae   0x08001dae   0x00000002   PAD
    0x08001db0   0x08001db0   0x00000e40   Code   RO          554    .text               queue.o
    0x08002bf0   0x08002bf0   0x000014a4   Code   RO          575    .text               tasks.o
    0x08004094   0x08004094   0x000006fc   Code   RO          600    .text               timers.o
    0x08004790   0x08004790   0x0000002c   Code   RO          618    .text               mc_p.l(uidiv.o)
    0x080047bc   0x080047bc   0x00000024   Code   RO          622    .text               mc_p.l(memcpya.o)
    0x080047e0   0x080047e0   0x00000024   Code   RO          915    .text               mc_p.l(init.o)
    0x08004804   0x08004804   0x00000020   Code   RO          715    i.__0printf$3       mc_p.l(printf3.o)
    0x08004824   0x08004824   0x0000001c   Code   RO          588    i.__ARM_common_switch8  tasks.o
    0x08004840   0x08004840   0x0000000e   Code   RO          929    i.__scatterload_copy  mc_p.l(handlers.o)
    0x0800484e   0x0800484e   0x00000002   Code   RO          930    i.__scatterload_null  mc_p.l(handlers.o)
    0x08004850   0x08004850   0x0000000e   Code   RO          931    i.__scatterload_zeroinit  mc_p.l(handlers.o)
    0x0800485e   0x0800485e   0x00000002   PAD
    0x08004860   0x08004860   0x000001cc   Code   RO          722    i._printf_core      mc_p.l(printf3.o)
    0x08004a2c   0x08004a2c   0x00000010   Data   RO          130    .constdata          system_n32g032.o
    0x08004a3c   0x08004a3c   0x00000040   Data   RO          329    .constdata          n32g032_rcc.o
    0x08004a7c   0x08004a7c   0x0000004e   Data   RO          184    .conststring        usart.o
    0x08004aca   0x08004aca   0x00000002   PAD
    0x08004acc   0x08004acc   0x00000020   Data   RO          927    Region$$Table       anon$$obj.o


    Execution Region RW_IRAM1 (Exec base: 0x20000000, Load base: 0x08004aec, Size: 0x00003bf0, Max: 0x00004000, ABSOLUTE)

    Exec Addr    Load Addr    Size         Type   Attr      Idx    E Section Name        Object

    0x20000000   0x08004aec   0x00000004   Data   RW          131    .data               system_n32g032.o
    0x20000004   0x08004af0   0x00000008   Data   RW          380    .data               main.o
    0x2000000c   0x08004af8   0x00000018   Data   RW          465    .data               heap_4.o
    0x20000024   0x08004b10   0x00000004   Data   RW          493    .data               port.o
    0x20000028   0x08004b14   0x0000003c   Data   RW          577    .data               tasks.o
    0x20000064   0x08004b50   0x00000014   Data   RW          602    .data               timers.o
    0x20000078   0x08004b64   0x00000004   Data   RW          901    .data               mc_p.l(stdout.o)
    0x2000007c        -       0x00000b50   Zero   RW          379    .bss                main.o
    0x20000bcc        -       0x00002800   Zero   RW          464    .bss                heap_4.o
    0x200033cc        -       0x00000028   Zero   RW          555    .bss                queue.o
    0x200033f4        -       0x000002e4   Zero   RW          576    .bss                tasks.o
    0x200036d8        -       0x00000114   Zero   RW          601    .bss                timers.o
    0x200037ec   0x08004b68   0x00000004   PAD
    0x200037f0        -       0x00000400   Zero   RW          175    STACK               startup_n32g032.o


==============================================================================

Image component sizes


      Code (inc. data)   RO Data    RW Data    ZI Data      Debug   Object Name

         0          0          0          0          0       2400   event_groups.o
       692         72          0         24      10240       4664   heap_4.o
        48          6          0          0          0        475   key.o
        60          4          0          0          0        487   led.o
       150          0          0          0          0       1794   list.o
       440        220          0          8       2896      18248   main.o
       204         18          0          0          0       1881   misc.o
      1324         38          0          0          0       6006   n32g032_gpio.o
        16          0          0          0          0        756   n32g032_it.o
      2132         68         64          0          0      14197   n32g032_rcc.o
       976         54          0          0          0       8059   n32g032_usart.o
       480         82          0          4          0       3598   port.o
      3648         94          0          0         40      19149   queue.o
        28          8        192          0       1024        640   startup_n32g032.o
       652         50         16          4          0       2119   system_n32g032.o
         0          0          0          0          0     230608   systick.o
      5312        386          0         60        740      21171   tasks.o
      1788        128          0         20        276       9847   timers.o
       184         12         78          0          0       2328   usart.o

    ----------------------------------------------------------------------
     18136       1240        384        120      15220     348427   Object Totals
         0          0         32          0          0          0   (incl. Generated)
         2          0          2          0          4          0   (incl. Padding)

    ----------------------------------------------------------------------

      Code (inc. data)   RO Data    RW Data    ZI Data      Debug   Library Member Name

         0          0          0          0          0          0   entry.o
         0          0          0          0          0          0   entry10a.o
         0          0          0          0          0          0   entry11a.o
         8          4          0          0          0          0   entry2.o
         4          0          0          0          0          0   entry5.o
         0          0          0          0          0          0   entry7b.o
         0          0          0          0          0          0   entry8b.o
         8          4          0          0          0          0   entry9a.o
        30          0          0          0          0          0   handlers.o
        36          8          0          0          0         68   init.o
        36          0          0          0          0         60   memcpya.o
       492         12          0          0          0        168   printf3.o
         0          0          0          4          0          0   stdout.o
        44          0          0          0          0         72   uidiv.o

    ----------------------------------------------------------------------
       660         28          0          4          0        368   Library Totals
         2          0          0          0          0          0   (incl. Padding)

    ----------------------------------------------------------------------

      Code (inc. data)   RO Data    RW Data    ZI Data      Debug   Library Name

       658         28          0          4          0        368   mc_p.l

    ----------------------------------------------------------------------
       660         28          0          4          0        368   Library Totals

    ----------------------------------------------------------------------

==============================================================================


      Code (inc. data)   RO Data    RW Data    ZI Data      Debug   

     18796       1268        384        124      15220     347443   Grand Totals
     18796       1268        384        124      15220     347443   ELF Image Totals
     18796       1268        384        124          0          0   ROM Totals

==============================================================================

    Total RO  Size (Code + RO Data)                19180 (  18.73kB)
    Total RW  Size (RW Data + ZI Data)             15344 (  14.98kB)
    Total ROM Size (Code + RO Data + RW Data)      19304 (  18.85kB)

==============================================================================

